// Jest Snapshot v1, https://goo.gl/fbAQLP

exports[`renders RootLayout correctly 1`] = `
<View>
  <Text>
    Root Layout
  </Text>
</View>
`;
